#
# There is insufficient memory for the Java Runtime Environment to continue.
# Native memory allocation (mmap) failed to map 264241152 bytes. Error detail: G1 virtual space
# Possible reasons:
#   The system is out of physical RAM or swap space
#   This process is running with CompressedOops enabled, and the Java Heap may be blocking the growth of the native heap
# Possible solutions:
#   Reduce memory load on the system
#   Increase physical memory or swap space
#   Check if swap backing store is full
#   Decrease Java heap size (-Xmx/-Xms)
#   Decrease number of Java threads
#   Decrease Java thread stack sizes (-Xss)
#   Set larger code cache with -XX:ReservedCodeCacheSize=
#   JVM is running with Zero Based Compressed Oops mode in which the Java heap is
#     placed in the first 32GB address space. The Java Heap base address is the
#     maximum limit for the native heap growth. Please use -XX:HeapBaseMinAddress
#     to set the Java Heap base and to place the Java Heap above 32GB virtual address.
# This output file may be truncated or incomplete.
#
#  Out of Memory Error (os_windows.cpp:3766), pid=60944, tid=66168
#
# JRE version:  (25.0.2+1) (build )
# Java VM: OpenJDK 64-Bit Server VM (25.0.2+1-b329.117, mixed mode, sharing, tiered, compressed oops, compressed class ptrs, g1 gc, windows-amd64)
# No core dump will be written. Minidumps are not enabled by default on client versions of Windows
#

---------------  S U M M A R Y ------------

Command Line: git4idea.http.GitAskPassApp Username for 'https://github.com': 

Host: 13th Gen Intel(R) Core(TM) i7-1355U, 12 cores, 15G,  Windows 11 , 64 bit Build 26100 (10.0.26100.9444)
Time: Fri Oct  2 15:49:08 2026 Hora Padrão de Cabo Verde elapsed time: 0.046549 seconds (0d 0h 0m 0s)

---------------  T H R E A D  ---------------

Current thread (0x00000144d4e542c0):  JavaThread "Unknown thread" [_thread_in_vm, id=66168, stack(0x0000002d23300000,0x0000002d23400000) (1024K)]

Stack: [0x0000002d23300000,0x0000002d23400000]
Native frames: (J=compiled Java code, j=interpreted, Vv=VM code, C=native code)
V  [jvm.dll+0x7c0cc9]  (no source info available)
V  [jvm.dll+0x78a49d]  (no source info available)
V  [jvm.dll+0xa0e693]  (no source info available)
V  [jvm.dll+0xa10e8c]  (no source info available)
V  [jvm.dll+0xa11583]  (no source info available)
V  [jvm.dll+0x307b46]  (no source info available)
V  [jvm.dll+0x7bced5]  (no source info available)
V  [jvm.dll+0x7afe97]  (no source info available)
V  [jvm.dll+0x40159e]  (no source info available)
V  [jvm.dll+0x4093bb]  (no source info available)
V  [jvm.dll+0x3f5bf9]  (no source info available)
V  [jvm.dll+0x3f5eab]  (no source info available)
V  [jvm.dll+0x3cc053]  (no source info available)
V  [jvm.dll+0x3cccbe]  (no source info available)
V  [jvm.dll+0x9d4a07]  (no source info available)
V  [jvm.dll+0x466ce2]  (no source info available)
V  [jvm.dll+0x9b8139]  (no source info available)
V  [jvm.dll+0x508a01]  (no source info available)
V  [jvm.dll+0x50a371]  (no source info available)
C  [jli.dll+0x541a]  (no source info available)
C  [ucrtbase.dll+0x2cd30]  (no source info available)
C  [KERNEL32.DLL+0x2cd87]  (no source info available)
C  [ntdll.dll+0xacaec]  (no source info available)

Lock stack of current Java thread (top to bottom):


---------------  P R O C E S S  ---------------

Threads class SMR info:
_java_thread_list=0x00007ffe4d2b9108, length=0, elements={
}

Java Threads: ( => current thread )
Total: 0

Other Threads:
  0x00000144d723a4a0 WorkerThread "GC Thread#0"                     [id=72872, stack(0x0000002d23400000,0x0000002d23500000) (1024K)]
  0x00000144ef9c2010 ConcurrentGCThread "G1 Main Marker"            [id=38188, stack(0x0000002d23500000,0x0000002d23600000) (1024K)]
  0x00000144ef9c3150 WorkerThread "G1 Conc#0"                       [id=58356, stack(0x0000002d23600000,0x0000002d23700000) (1024K)]

[error occurred during error reporting (printing all threads), id 0xc0000005, EXCEPTION_ACCESS_VIOLATION (0xc0000005) at pc=0x00007ffe4c8d0caa]
VM state: not at safepoint (not fully initialized)

VM Mutex/Monitor currently owned by a thread:  ([mutex/lock_event])
[0x00007ffe4d341d10] Heap_lock - owner thread: 0x00000144d4e542c0

Heap address: 0x0000000705a00000, size: 4006 MB, Compressed Oops mode: Zero based, Oop shift amount: 3

CDS archive(s) mapped at: [0x0000000000000000-0x0000000000000000-0x0000000000000000), size 0, SharedBaseAddress: 0x0000000800000000, ArchiveRelocationMode: 1.
UseCompressedClassPointers 1, UseCompactObjectHeaders 0
Narrow klass pointer bits 32, Max shift 3
Narrow klass base: 0xffffffffffffffff, Narrow klass shift: -1
Encoding Range: [0xffffffffffffffff - 0x000000007fffffff), (2147483648 bytes)
Klass Range:    [0x0000000000000000 - 0x0000000000000000), (0 bytes)
Klass ID Range:  [4294967295 - 0) (1)
No protection zone.

GC Precious Log:
 CardTable entry size: 512
 Card Set container configuration: InlinePtr #cards 4 size 8 Array Of Cards #cards 16 size 48 Howl #buckets 8 coarsen threshold 3686 Howl Bitmap #cards 512 size 80 coarsen threshold 460 Card regions per heap region 1 cards per card region 4096

Heap:
 garbage-first heap   total reserved 4102144K, committed 0K, used 0K [0x0000000705a00000, 0x0000000800000000)
  region size 2048K, 0 young (0K), 0 survivors (0K)

Heap Regions: E=young(eden), S=young(survivor), O=old, HS=humongous(starts), HC=humongous(continues), CS=collection set, F=free, TAMS=top-at-mark-start, PB=parsable bottom

Card table byte_map: [0x00000144eb300000,0x00000144ebae0000] _byte_map_base: 0x00000144e7ad3000

Marking Bits: (CMBitMap*) 0x00000144d723ac30
 Bits: [0x00000144ebae0000, 0x00000144ef978000)

GC Heap Usage History (0 events):
No events

Metaspace Usage History (0 events):
No events

Dll operation events (1 events):
Event: 0.035 Loaded shared library C:\Program Files\JetBrains\IntelliJ IDEA 2026.1.1\jbr\bin\java.dll

Deoptimization events (0 events):
No events

Classes loaded (0 events):
No events

Classes unloaded (0 events):
No events

Classes redefined (0 events):
No events

Internal exceptions (0 events):
No events

VM Operations (0 events):
No events

Memory protections (0 events):
No events

Nmethod flushes (0 events):
No events

Events (0 events):
No events


Dynamic libraries:
0x00007ff685860000 - 0x00007ff68586a000 	C:\Program Files\JetBrains\IntelliJ IDEA 2026.1.1\jbr\bin\java.exe
0x00007fff0e2e0000 - 0x00007fff0e547000 	C:\WINDOWS\SYSTEM32\ntdll.dll
0x00007fff0c640000 - 0x00007fff0c70b000 	C:\WINDOWS\System32\KERNEL32.DLL
0x00007fff0bac0000 - 0x00007fff0bec2000 	C:\WINDOWS\System32\KERNELBASE.dll
0x00007fff0b750000 - 0x00007fff0b89c000 	C:\WINDOWS\System32\ucrtbase.dll
0x00007ffeebfb0000 - 0x00007ffeebfc7000 	C:\Program Files\JetBrains\IntelliJ IDEA 2026.1.1\jbr\bin\jli.dll
0x00007fff0c890000 - 0x00007fff0ca5f000 	C:\WINDOWS\System32\USER32.dll
0x00007ffee6020000 - 0x00007ffee62b0000 	C:\WINDOWS\WinSxS\amd64_microsoft.windows.common-controls_6595b64144ccf1df_6.0.26100.9278_none_3e0d1ba8e3303201\COMCTL32.dll
0x00007fff0c050000 - 0x00007fff0c0f9000 	C:\WINDOWS\System32\msvcrt.dll
0x00007fff0b720000 - 0x00007fff0b747000 	C:\WINDOWS\System32\win32u.dll
0x00007fff0c100000 - 0x00007fff0c12b000 	C:\WINDOWS\System32\GDI32.dll
0x00007fff0bed0000 - 0x00007fff0bff9000 	C:\WINDOWS\System32\gdi32full.dll
0x00007fff0b4e0000 - 0x00007fff0b583000 	C:\WINDOWS\System32\msvcp_win.dll
0x00007ffedec60000 - 0x00007ffedec7e000 	C:\Program Files\JetBrains\IntelliJ IDEA 2026.1.1\jbr\bin\VCRUNTIME140.dll
0x00007fff0c4e0000 - 0x00007fff0c511000 	C:\WINDOWS\System32\IMM32.DLL
0x00007fff023e0000 - 0x00007fff023ec000 	C:\Program Files\JetBrains\IntelliJ IDEA 2026.1.1\jbr\bin\vcruntime140_1.dll
0x00007ffec3c00000 - 0x00007ffec3c89000 	C:\Program Files\JetBrains\IntelliJ IDEA 2026.1.1\jbr\bin\msvcp140.dll
0x00007ffe4c4f0000 - 0x00007ffe4d442000 	C:\Program Files\JetBrains\IntelliJ IDEA 2026.1.1\jbr\bin\server\jvm.dll
0x00007fff0ccf0000 - 0x00007fff0cdac000 	C:\WINDOWS\System32\ADVAPI32.dll
0x00007fff0c530000 - 0x00007fff0c5d9000 	C:\WINDOWS\System32\sechost.dll
0x00007fff0cbd0000 - 0x00007fff0cce8000 	C:\WINDOWS\System32\RPCRT4.dll
0x00007fff0d1d0000 - 0x00007fff0d250000 	C:\WINDOWS\System32\WS2_32.dll
0x00007fff0b340000 - 0x00007fff0b39e000 	C:\WINDOWS\SYSTEM32\POWRPROF.dll
0x00007ffef9350000 - 0x00007ffef935b000 	C:\WINDOWS\SYSTEM32\VERSION.dll
0x00007fff02e10000 - 0x00007fff02e46000 	C:\WINDOWS\SYSTEM32\WINMM.dll
0x00007fff0b320000 - 0x00007fff0b335000 	C:\WINDOWS\SYSTEM32\UMPDC.dll
0x00007fff0a040000 - 0x00007fff0a05b000 	C:\WINDOWS\SYSTEM32\kernel.appcore.dll
0x00007ffee0dd0000 - 0x00007ffee0dda000 	C:\Program Files\JetBrains\IntelliJ IDEA 2026.1.1\jbr\bin\jimage.dll
0x00007fff08620000 - 0x00007fff0886c000 	C:\WINDOWS\SYSTEM32\DBGHELP.DLL
0x00007fff0c130000 - 0x00007fff0c4b5000 	C:\WINDOWS\System32\combase.dll
0x00007fff0e130000 - 0x00007fff0e209000 	C:\WINDOWS\System32\OLEAUT32.dll
0x00007ffee2be0000 - 0x00007ffee2c1b000 	C:\WINDOWS\SYSTEM32\dbgcore.DLL
0x00007fff0b970000 - 0x00007fff0ba1c000 	C:\WINDOWS\System32\bcryptPrimitives.dll
0x00007ffedd760000 - 0x00007ffedd77f000 	C:\Program Files\JetBrains\IntelliJ IDEA 2026.1.1\jbr\bin\java.dll
0x00007fff0d030000 - 0x00007fff0d1ca000 	C:\WINDOWS\System32\ole32.dll
0x00007fff0d990000 - 0x00007fff0e128000 	C:\WINDOWS\System32\SHELL32.dll

JVMTI agents: none

dbghelp: loaded successfully - version: 4.0.5 - missing functions: none
symbol engine: initialized successfully - sym options: 0x614 - pdb path: .;C:\Program Files\JetBrains\IntelliJ IDEA 2026.1.1\jbr\bin;C:\WINDOWS\SYSTEM32;C:\WINDOWS\WinSxS\amd64_microsoft.windows.common-controls_6595b64144ccf1df_6.0.26100.9278_none_3e0d1ba8e3303201;C:\Program Files\JetBrains\IntelliJ IDEA 2026.1.1\jbr\bin\server

VM Arguments:
java_command: git4idea.http.GitAskPassApp Username for 'https://github.com': 
java_class_path (initial): C:/Program Files/JetBrains/IntelliJ IDEA 2026.1.1/plugins/vcs-git/lib/git4idea-rt.jar;C:/Program Files/JetBrains/IntelliJ IDEA 2026.1.1/lib/externalProcess-rt.jar
Launcher Type: SUN_STANDARD

[Global flags]
     intx CICompilerCount                          = 4                                         {product} {ergonomic}
     uint ConcGCThreads                            = 3                                         {product} {ergonomic}
     uint G1ConcRefinementThreads                  = 10                                        {product} {ergonomic}
   size_t G1HeapRegionSize                         = 2097152                                   {product} {ergonomic}
   size_t InitialHeapSize                          = 264241152                                 {product} {ergonomic}
   size_t MarkStackSize                            = 4194304                                   {product} {ergonomic}
   size_t MarkStackSizeMax                         = 536870912                                 {product} {ergonomic}
   size_t MaxHeapSize                              = 4200595456                                {product} {ergonomic}
   size_t MinHeapDeltaBytes                        = 2097152                                   {product} {ergonomic}
   size_t MinHeapSize                              = 8388608                                   {product} {ergonomic}
    uintx NonNMethodCodeHeapSize                   = 5832704                                {pd product} {ergonomic}
    uintx NonProfiledCodeHeapSize                  = 122945536                              {pd product} {ergonomic}
    uintx ProfiledCodeHeapSize                     = 122880000                              {pd product} {ergonomic}
    uintx ReservedCodeCacheSize                    = 251658240                              {pd product} {ergonomic}
     bool SegmentedCodeCache                       = true                                      {product} {ergonomic}
   size_t SoftMaxHeapSize                          = 4200595456                             {manageable} {ergonomic}
     bool UseCompressedOops                        = true                           {product lp64_product} {ergonomic}
     bool UseG1GC                                  = true                                      {product} {ergonomic}
     bool UseLargePagesIndividualAllocation        = false                                  {pd product} {ergonomic}

Logging:
Log output configuration:
 #0: stdout all=warning uptime,level,tags foldmultilines=false
 #1: stderr all=off uptime,level,tags foldmultilines=false

Release file:
<release file has not been read>
Environment Variables:
JAVA_HOME=C:\Program Files\Eclipse Adoptium\jdk-21.0.11.10-hotspot\
PATH=C:\Program Files\Git\mingw64\libexec\git-core;C:\Program Files\Git\mingw64\libexec\git-core;C:\Program Files\Git\mingw64\bin;C:\Program Files\Git\usr\bin;C:\Users\IvandroSantos\bin;C:\Program Files\Eclipse Adoptium\jdk-21.0.11.10-hotspot\bin;C:\Program Files\Common Files\Oracle\Java\javapath;C:\Program Files (x86)\Common Files\Oracle\Java\javapath;C:\WINDOWS\system32;C:\WINDOWS;C:\WINDOWS\System32\Wbem;C:\WINDOWS\System32\WindowsPowerShell\v1.0;C:\WINDOWS\System32\OpenSSH;C:\Program Files\Microsoft SQL Server\150\Tools\Binn;C:\Program Files\Microsoft SQL Server\Client SDK\ODBC\170\Tools\Binn;C:\Program Files\dotnet;C:\Users\IvandroSantos\AppData\Roaming\nvm;C:\Program Files\nodejs;C:\Program Files\nodejs;C:\Users\IvandroSantos\dev\flutter\bin;C:\Program Files\Git\cmd;C:\Users\IvandroSantos\AppData\Roaming\npm;C:\Program Files\Cloudflare\Cloudflare WARP;C:\Program Files\Apache\Maven\apache-maven-3.9.9\bin\bin;C:\Program Files\Docker\Docker\resources\bin;C:\ffmpeg\bin;C:\Program Files\Common Files\Oracle\Java\javapath;C:\Program Files (x86)\Common Files\Oracle\Java\javapath;C:\WINDOWS\system32;C:\WINDOWS;C:\WINDOWS\System32\Wbem;C:\WINDOWS\System32\WindowsPowerShell\v1.0;C:\WINDOWS\System32\OpenSSH;C:\Program Files\Microsoft SQL Server\150\Tools\Binn;C:\Program Files\Microsoft SQL Server\Client SDK\ODBC\170\Tools\Binn;C:\Program Files\dotnet;C:\Users\IvandroSantos\AppData\Roaming\nvm;C:\Program Files\nodejs;C:\Program Files\nodejs;C:\Users\IvandroSantos\dev\flutter\bin;C:\Program Files\Git\cmd;C:\Users\IvandroSantos\AppData\Roaming\npm;C:\Program Files\Cloudflare\Cloudflare WARP;C:\Program Files\Apache\Maven\apache-maven-3.9.9\bin\bin;C:\Program Files\Docker\Docker\resources\bin;C:\ffmpeg\bin;C:\Users\IvandroSantos\.config\herd-lite\bin;C:\Users\IvandroSantos\dev\flutter\bin;C:\Users\IvandroSantos\AppData\Local\Microsoft\WindowsApps;C:\Users\IvandroSantos\.dotnet\tools;C:\Users\IvandroSantos\AppData\Local\Programs\Microsoft VS Code\bin;C:\Users\IvandroSantos\AppData\Roaming\nvm;C:\Program Files\nodejs;C:\Program Files\JetBrains\IntelliJ IDEA 2024.1.4\bin;C:\Program Files\Git\cmd;C:\Users\IvandroSantos\AppData\Roaming\npm;C:\Program Files\JetBrains\IntelliJ IDEA Community Edition 2024.1.4\bin;C:\Program Files\Apache\Maven\apache-maven-3.9.9\bin\bin;C:\Users\IvandroSantos\AppData\Local\Microsoft\WinGet\Packages\Gyan.FFmpeg_Microsoft.Winget.Source_8wekyb3d8bbwe\ffmpeg-8.0-full_build\bin;C:\ffmpeg\bin;C:\Program Files\Apache\apache-maven-3.9.9\bin;C:\Program Files\JetBrains\IntelliJ IDEA 2026.1.1\bin
USERNAME=IvandroSantos
DISPLAY=:0.0
LC_ALL=en_US.UTF-8
TERM=xterm-256color
TMPDIR=C:\Users\IVANDR~1\AppData\Local\Temp
OS=Windows_NT
PROCESSOR_IDENTIFIER=Intel64 Family 6 Model 186 Stepping 3, GenuineIntel
TMP=C:\Users\IVANDR~1\AppData\Local\Temp
TEMP=C:\Users\IVANDR~1\AppData\Local\Temp




Compilation memory statistics disabled.

Periodic native trim disabled

JNI global refs:
JNI global refs: 0, weak refs: 0

JNI global refs memory usage: 0, weak refs: 0

Process memory usage:
Resident Set Size: 13908K (0% of 16400648K total physical memory with 142724K free physical memory)

OOME stack traces (most recent first):
Classloader memory used:

---------------  S Y S T E M  ---------------

OS:
 Windows 11 , 64 bit Build 26100 (10.0.26100.9444)
OS uptime: 5 days 0:50 hours
Hyper-V role detected

CPU: total 12 (initial active 12) (6 cores per cpu, 2 threads per core) family 6 model 186 stepping 3 microcode 0x6134, cx8, cmov, fxsr, ht, mmx, 3dnowpref, sse, sse2, sse3, ssse3, sse4.1, sse4.2, popcnt, lzcnt, tsc, tscinvbit, avx, avx2, aes, erms, clmul, bmi1, bmi2, adx, sha, fma, vzeroupper, clflush, clflushopt, clwb, hv, serialize, rdtscp, rdpid, fsrm, gfni, f16c, cet_ibt, cet_ss
Processor Information for processor 0
  Max Mhz: 1700, Current Mhz: 1700, Mhz Limit: 1700
Processor Information for processor 1
  Max Mhz: 1700, Current Mhz: 1700, Mhz Limit: 1700
Processor Information for processor 2
  Max Mhz: 1700, Current Mhz: 1700, Mhz Limit: 1700
Processor Information for processor 3
  Max Mhz: 1700, Current Mhz: 1700, Mhz Limit: 1700
Processor Information for processor 4
  Max Mhz: 1700, Current Mhz: 1700, Mhz Limit: 1700
Processor Information for processor 5
  Max Mhz: 1700, Current Mhz: 1700, Mhz Limit: 1700
Processor Information for processor 6
  Max Mhz: 1700, Current Mhz: 1700, Mhz Limit: 1700
Processor Information for processor 7
  Max Mhz: 1700, Current Mhz: 1558, Mhz Limit: 1700
Processor Information for processor 8
  Max Mhz: 1700, Current Mhz: 1558, Mhz Limit: 1700
Processor Information for processor 9
  Max Mhz: 1700, Current Mhz: 1700, Mhz Limit: 1700
Processor Information for processor 10
  Max Mhz: 1700, Current Mhz: 1700, Mhz Limit: 1700
Processor Information for processor 11
  Max Mhz: 1700, Current Mhz: 1700, Mhz Limit: 1700

Memory: 4k page, system-wide physical 16016M (139M free)
TotalPageFile size 50109M (AvailPageFile size 230M)
current process WorkingSet (physical memory assigned to process): 13M, peak: 13M
current process commit charge ("private bytes"): 65M, peak: 317M

vm_info: OpenJDK 64-Bit Server VM (25.0.2+1-b329.117) for windows-amd64 JRE (25.0.2+1-b329.117), built on 2026-04-20 with MS VC++ 17.14 (VS2022)

END.
